stm32f3xx_it.c:56:6:SVC_Handler	0	static
stm32f3xx_it.c:69:6:PendSV_Handler	0	static
stm32f3xx_it.c:82:6:SysTick_Handler	8	static
stm32f3xx_it.c:104:6:TIM1_BRK_TIM15_IRQHandler	8	static
stm32f3xx_it.c:119:6:TIM1_CC_IRQHandler	0	static
stm32f3xx_it.c:133:6:USART2_IRQHandler	0	static
stm32f3xx_it.c:189:6:TIM8_CC_IRQHandler	0	static
stm32f3xx_it.c:175:6:TIM8_TRG_COM_IRQHandler	0	static
stm32f3xx_it.c:161:6:TIM8_UP_IRQHandler	0	static
stm32f3xx_it.c:147:6:TIM8_BRK_IRQHandler	0	static
stm32f3xx_it.c:203:6:UART4_IRQHandler	0	static
