Archive member included to satisfy reference by file (symbol)

d:/truestudio for stm32 9.3.0/armtools/bin/../lib/gcc/arm-atollic-eabi/6.3.1/../../../../arm-atollic-eabi/lib/armv7e-m/fpu\libc_nano.a(lib_a-init.o)
                              startup\startup_stm32f303xe.o (__libc_init_array)
d:/truestudio for stm32 9.3.0/armtools/bin/../lib/gcc/arm-atollic-eabi/6.3.1/../../../../arm-atollic-eabi/lib/armv7e-m/fpu\libc_nano.a(lib_a-memcpy-stub.o)
                              Src\main.o (memcpy)
d:/truestudio for stm32 9.3.0/armtools/bin/../lib/gcc/arm-atollic-eabi/6.3.1/../../../../arm-atollic-eabi/lib/armv7e-m/fpu\libc_nano.a(lib_a-sprintf.o)
                              Src\main.o (sprintf)
d:/truestudio for stm32 9.3.0/armtools/bin/../lib/gcc/arm-atollic-eabi/6.3.1/../../../../arm-atollic-eabi/lib/armv7e-m/fpu\libc_nano.a(lib_a-strcpy.o)
                              Src\main.o (strcpy)
d:/truestudio for stm32 9.3.0/armtools/bin/../lib/gcc/arm-atollic-eabi/6.3.1/../../../../arm-atollic-eabi/lib/armv7e-m/fpu\libc_nano.a(lib_a-strlen.o)
                              Src\main.o (strlen)
d:/truestudio for stm32 9.3.0/armtools/bin/../lib/gcc/arm-atollic-eabi/6.3.1/../../../../arm-atollic-eabi/lib/armv7e-m/fpu\libc_nano.a(lib_a-impure.o)
                              d:/truestudio for stm32 9.3.0/armtools/bin/../lib/gcc/arm-atollic-eabi/6.3.1/../../../../arm-atollic-eabi/lib/armv7e-m/fpu\libc_nano.a(lib_a-sprintf.o) (_impure_ptr)
d:/truestudio for stm32 9.3.0/armtools/bin/../lib/gcc/arm-atollic-eabi/6.3.1/../../../../arm-atollic-eabi/lib/armv7e-m/fpu\libc_nano.a(lib_a-nano-svfprintf.o)
                              d:/truestudio for stm32 9.3.0/armtools/bin/../lib/gcc/arm-atollic-eabi/6.3.1/../../../../arm-atollic-eabi/lib/armv7e-m/fpu\libc_nano.a(lib_a-sprintf.o) (_svfprintf_r)
d:/truestudio for stm32 9.3.0/armtools/bin/../lib/gcc/arm-atollic-eabi/6.3.1/../../../../arm-atollic-eabi/lib/armv7e-m/fpu\libc_nano.a(lib_a-nano-vfprintf_i.o)
                              d:/truestudio for stm32 9.3.0/armtools/bin/../lib/gcc/arm-atollic-eabi/6.3.1/../../../../arm-atollic-eabi/lib/armv7e-m/fpu\libc_nano.a(lib_a-nano-svfprintf.o) (_printf_i)
d:/truestudio for stm32 9.3.0/armtools/bin/../lib/gcc/arm-atollic-eabi/6.3.1/../../../../arm-atollic-eabi/lib/armv7e-m/fpu\libc_nano.a(lib_a-memchr.o)
                              d:/truestudio for stm32 9.3.0/armtools/bin/../lib/gcc/arm-atollic-eabi/6.3.1/../../../../arm-atollic-eabi/lib/armv7e-m/fpu\libc_nano.a(lib_a-nano-svfprintf.o) (memchr)
d:/truestudio for stm32 9.3.0/armtools/bin/../lib/gcc/arm-atollic-eabi/6.3.1/../../../../arm-atollic-eabi/lib/armv7e-m/fpu\libc_nano.a(lib_a-memmove.o)
                              d:/truestudio for stm32 9.3.0/armtools/bin/../lib/gcc/arm-atollic-eabi/6.3.1/../../../../arm-atollic-eabi/lib/armv7e-m/fpu\libc_nano.a(lib_a-nano-svfprintf.o) (memmove)
d:/truestudio for stm32 9.3.0/armtools/bin/../lib/gcc/arm-atollic-eabi/6.3.1/../../../../arm-atollic-eabi/lib/armv7e-m/fpu\libc_nano.a(lib_a-nano-freer.o)
                              d:/truestudio for stm32 9.3.0/armtools/bin/../lib/gcc/arm-atollic-eabi/6.3.1/../../../../arm-atollic-eabi/lib/armv7e-m/fpu\libc_nano.a(lib_a-nano-svfprintf.o) (_free_r)
d:/truestudio for stm32 9.3.0/armtools/bin/../lib/gcc/arm-atollic-eabi/6.3.1/../../../../arm-atollic-eabi/lib/armv7e-m/fpu\libc_nano.a(lib_a-nano-mallocr.o)
                              d:/truestudio for stm32 9.3.0/armtools/bin/../lib/gcc/arm-atollic-eabi/6.3.1/../../../../arm-atollic-eabi/lib/armv7e-m/fpu\libc_nano.a(lib_a-nano-svfprintf.o) (_malloc_r)
d:/truestudio for stm32 9.3.0/armtools/bin/../lib/gcc/arm-atollic-eabi/6.3.1/../../../../arm-atollic-eabi/lib/armv7e-m/fpu\libc_nano.a(lib_a-nano-reallocr.o)
                              d:/truestudio for stm32 9.3.0/armtools/bin/../lib/gcc/arm-atollic-eabi/6.3.1/../../../../arm-atollic-eabi/lib/armv7e-m/fpu\libc_nano.a(lib_a-nano-svfprintf.o) (_realloc_r)
d:/truestudio for stm32 9.3.0/armtools/bin/../lib/gcc/arm-atollic-eabi/6.3.1/../../../../arm-atollic-eabi/lib/armv7e-m/fpu\libc_nano.a(lib_a-sbrkr.o)
                              d:/truestudio for stm32 9.3.0/armtools/bin/../lib/gcc/arm-atollic-eabi/6.3.1/../../../../arm-atollic-eabi/lib/armv7e-m/fpu\libc_nano.a(lib_a-nano-mallocr.o) (_sbrk_r)
d:/truestudio for stm32 9.3.0/armtools/bin/../lib/gcc/arm-atollic-eabi/6.3.1/../../../../arm-atollic-eabi/lib/armv7e-m/fpu\libc_nano.a(lib_a-mlock.o)
                              d:/truestudio for stm32 9.3.0/armtools/bin/../lib/gcc/arm-atollic-eabi/6.3.1/../../../../arm-atollic-eabi/lib/armv7e-m/fpu\libc_nano.a(lib_a-nano-freer.o) (__malloc_lock)
d:/truestudio for stm32 9.3.0/armtools/bin/../lib/gcc/arm-atollic-eabi/6.3.1/../../../../arm-atollic-eabi/lib/armv7e-m/fpu\libc_nano.a(lib_a-nano-msizer.o)
[...]
Memory Configuration

Name             Origin             Length             Attributes
RAM              0x20000000         0x00010000         xrw
CCMRAM           0x10000000         0x00004000         rw
FLASH            0x08000000         0x00080000         xr
*default*        0x00000000         0xffffffff

Linker script and memory map

LOAD d:/truestudio for stm32 9.3.0/armtools/bin/../lib/gcc/arm-atollic-eabi/6.3.1/armv7e-m/fpu/crti.o
LOAD d:/truestudio for stm32 9.3.0/armtools/bin/../lib/gcc/arm-atollic-eabi/6.3.1/armv7e-m/fpu/crtbegin.o
LOAD Drivers\STM32F3xx_HAL_Driver\Src\stm32f3xx_hal.o
LOAD Drivers\STM32F3xx_HAL_Driver\Src\stm32f3xx_hal_cortex.o
LOAD Drivers\STM32F3xx_HAL_Driver\Src\stm32f3xx_hal_dma.o
LOAD Drivers\STM32F3xx_HAL_Driver\Src\stm32f3xx_hal_flash.o
LOAD Drivers\STM32F3xx_HAL_Driver\Src\stm32f3xx_hal_flash_ex.o
LOAD Drivers\STM32F3xx_HAL_Driver\Src\stm32f3xx_hal_gpio.o
LOAD Drivers\STM32F3xx_HAL_Driver\Src\stm32f3xx_hal_i2c.o
LOAD Drivers\STM32F3xx_HAL_Driver\Src\stm32f3xx_hal_i2c_ex.o
LOAD Drivers\STM32F3xx_HAL_Driver\Src\stm32f3xx_hal_pwr.o
LOAD Drivers\STM32F3xx_HAL_Driver\Src\stm32f3xx_hal_pwr_ex.o
LOAD Drivers\STM32F3xx_HAL_Driver\Src\stm32f3xx_hal_rcc.o
LOAD Drivers\STM32F3xx_HAL_Driver\Src\stm32f3xx_hal_rcc_ex.o
LOAD Drivers\STM32F3xx_HAL_Driver\Src\stm32f3xx_hal_tim.o
LOAD Drivers\STM32F3xx_HAL_Driver\Src\stm32f3xx_hal_tim_ex.o
LOAD Drivers\STM32F3xx_HAL_Driver\Src\stm32f3xx_hal_uart.o
LOAD Drivers\STM32F3xx_HAL_Driver\Src\stm32f3xx_hal_uart_ex.o
LOAD Src\main.o
LOAD Src\stm32f3xx_hal_msp.o
LOAD Src\stm32f3xx_it.o
LOAD Src\system_stm32f3xx.o
LOAD startup\startup_stm32f303xe.o
                0x00000080                malloc_getpagesize_P = 0x80
START GROUP
LOAD d:/truestudio for stm32 9.3.0/armtools/bin/../lib/gcc/arm-atollic-eabi/6.3.1/../../../../arm-atollic-eabi/lib/armv7e-m/fpu\libc_nano.a
LOAD d:/truestudio for stm32 9.3.0/armtools/bin/../lib/gcc/arm-atollic-eabi/6.3.1/../../../../arm-atollic-eabi/lib/armv7e-m/fpu\libm.a
END GROUP
START GROUP
LOAD d:/truestudio for stm32 9.3.0/armtools/bin/../lib/gcc/arm-atollic-eabi/6.3.1/armv7e-m/fpu\libgcc.a
LOAD d:/truestudio for stm32 9.3.0/armtools/bin/../lib/gcc/arm-atollic-eabi/6.3.1/../../../../arm-atollic-eabi/lib/armv7e-m/fpu\libc_nano.a
END GROUP
START GROUP
LOAD d:/truestudio for stm32 9.3.0/armtools/bin/../lib/gcc/arm-atollic-eabi/6.3.1/armv7e-m/fpu\libgcc.a
LOAD d:/truestudio for stm32 9.3.0/armtools/bin/../lib/gcc/arm-atollic-eabi/6.3.1/../../../../arm-atollic-eabi/lib/armv7e-m/fpu\libc_nano.a
LOAD d:/truestudio for stm32 9.3.0/armtools/bin/../lib/gcc/arm-atollic-eabi/6.3.1/../../../../arm-atollic-eabi/lib/armv7e-m/fpu\libnosys.a
END GROUP
START GROUP
LOAD d:/truestudio for stm32 9.3.0/armtools/bin/../lib/gcc/arm-atollic-eabi/6.3.1/armv7e-m/fpu\libgcc.a
LOAD d:/truestudio for stm32 9.3.0/armtools/bin/../lib/gcc/arm-atollic-eabi/6.3.1/../../../../arm-atollic-eabi/lib/armv7e-m/fpu\libc_nano.a
LOAD d:/truestudio for stm32 9.3.0/armtools/bin/../lib/gcc/arm-atollic-eabi/6.3.1/../../../../arm-atollic-eabi/lib/armv7e-m/fpu\libnosys.a
END GROUP
LOAD d:/truestudio for stm32 9.3.0/armtools/bin/../lib/gcc/arm-atollic-eabi/6.3.1/armv7e-m/fpu/crtend.o
LOAD d:/truestudio for stm32 9.3.0/armtools/bin/../lib/gcc/arm-atollic-eabi/6.3.1/armv7e-m/fpu/crtn.o
                0x20010000                _estack = 0x20010000
                0x00000200                _Min_Heap_Size = 0x200
                0x00000400                _Min_Stack_Size = 0x400

.isr_vector     0x08000000      0x194
                0x08000000                . = ALIGN (0x4)
 *(.isr_vector)
 .isr_vector    0x08000000      0x194 startup\startup_stm32f303xe.o
                0x08000000                g_pfnVectors
                0x08000194                . = ALIGN (0x4)

.text           0x080001a0     0x4454
                0x080001a0                . = ALIGN (0x4)
 *(.text)
 .text          0x080001a0       0x40 d:/truestudio for stm32 9.3.0/armtools/bin/../lib/gcc/arm-atollic-eabi/6.3.1/armv7e-m/fpu/crtbegin.o
 .text          0x080001e0       0x10 d:/truestudio for stm32 9.3.0/armtools/bin/../lib/gcc/arm-atollic-eabi/6.3.1/../../../../arm-atollic-eabi/lib/armv7e-m/fpu\libc_nano.a(lib_a-strlen.o)
                0x080001e0                strlen
 .text          0x080001f0       0xa0 d:/truestudio for stm32 9.3.0/armtools/bin/../lib/gcc/arm-atollic-eabi/6.3.1/../../../../arm-atollic-eabi/lib/armv7e-m/fpu\libc_nano.a(lib_a-memchr.o)
                0x080001f0                memchr
 .text          0x08000290      0x370 d:/truestudio for stm32 9.3.0/armtools/bin/../lib/gcc/arm-atollic-eabi/6.3.1/armv7e-m/fpu\libgcc.a(_arm_addsubdf3.o)
                0x08000290                __aeabi_drsub
                0x08000298                __aeabi_dsub
                0x08000298                __subdf3
                0x0800029c                __aeabi_dadd
                0x0800029c                __adddf3
                0x08000514                __floatunsidf
                0x08000514                __aeabi_ui2d
                0x08000534                __floatsidf
                0x08000534                __aeabi_i2d
                0x08000558                __aeabi_f2d
                0x08000558                __extendsfdf2
                0x08000594                __floatundidf
                0x08000594                __aeabi_ul2d
                0x080005a4                __floatdidf
                0x080005a4                __aeabi_l2d
 .text          0x08000600      0x424 d:/truestudio for stm32 9.3.0/armtools/bin/../lib/gcc/arm-atollic-eabi/6.3.1/armv7e-m/fpu\libgcc.a(_arm_muldivdf3.o)
                0x08000600                __aeabi_dmul
                0x08000600                __muldf3
                0x08000854                __divdf3
                0x08000854                __aeabi_ddiv
 .text          0x08000a24      0x110 d:/truestudio for stm32 9.3.0/armtools/bin/../lib/gcc/arm-atollic-eabi/6.3.1/armv7e-m/fpu\libgcc.a(_arm_cmpdf2.o)
                0x08000a24                __gtdf2
                0x08000a24                __gedf2
                0x08000a2c                __ltdf2
                0x08000a2c                __ledf2
                0x08000a34                __nedf2
                0x08000a34                __eqdf2
                0x08000a34                __cmpdf2
                0x08000ab0                __aeabi_cdrcmple
                0x08000ac0                __aeabi_cdcmpeq
                0x08000ac0                __aeabi_cdcmple
                0x08000ad0                __aeabi_dcmpeq
                0x08000ae4                __aeabi_dcmplt
                0x08000af8                __aeabi_dcmple
                0x08000b0c                __aeabi_dcmpge
                0x08000b20                __aeabi_dcmpgt
 .text          0x08000b34       0x50 d:/truestudio for stm32 9.3.0/armtools/bin/../lib/gcc/arm-atollic-eabi/6.3.1/armv7e-m/fpu\libgcc.a(_arm_fixdfsi.o)
                0x08000b34                __aeabi_d2iz
                0x08000b34                __fixdfsi
 *(.text*)
 .text.HAL_InitTick
                0x08000b84       0x28 Drivers\STM32F3xx_HAL_Driver\Src\stm32f3xx_hal.o
                0x08000b84                HAL_InitTick
 .text.HAL_Init
                0x08000bac       0x24 Drivers\STM32F3xx_HAL_Driver\Src\stm32f3xx_hal.o
                0x08000bac                HAL_Init
 .text.HAL_IncTick
                0x08000bd0       0x10 Drivers\STM32F3xx_HAL_Driver\Src\stm32f3xx_hal.o
                0x08000bd0                HAL_IncTick
 .text.HAL_GetTick
                0x08000be0        0xc Drivers\STM32F3xx_HAL_Driver\Src\stm32f3xx_hal.o
                0x08000be0                HAL_GetTick
 .text.HAL_Delay
                0x08000bec       0x20 Drivers\STM32F3xx_HAL_Driver\Src\stm32f3xx_hal.o
                0x08000bec                HAL_Delay
 .text.HAL_NVIC_SetPriorityGrouping
                0x08000c0c       0x24 Drivers\STM32F3xx_HAL_Driver\Src\stm32f3xx_hal_cortex.o
                0x08000c0c                HAL_NVIC_SetPriorityGrouping
 .text.HAL_NVIC_SetPriority
                0x08000c30       0x68 Drivers\STM32F3xx_HAL_Driver\Src\stm32f3xx_hal_cortex.o
                0x08000c30                HAL_NVIC_SetPriority
 .text.HAL_NVIC_EnableIRQ
                0x08000c98       0x18 Drivers\STM32F3xx_HAL_Driver\Src\stm32f3xx_hal_cortex.o
                0x08000c98                HAL_NVIC_EnableIRQ
 .text.HAL_SYSTICK_Config
                0x08000cb0       0x2c Drivers\STM32F3xx_HAL_Driver\Src\stm32f3xx_hal_cortex.o
                0x08000cb0                HAL_SYSTICK_Config
 .text.HAL_SYSTICK_CLKSourceConfig
                0x08000cdc       0x18 Drivers\STM32F3xx_HAL_Driver\Src\stm32f3xx_hal_cortex.o
                0x08000cdc                HAL_SYSTICK_CLKSourceConfig
 .text.HAL_SYSTICK_Callback
                0x08000cf4        0x2 Drivers\STM32F3xx_HAL_Driver\Src\stm32f3xx_hal_cortex.o
                0x08000cf4                HAL_SYSTICK_Callback
 .text.HAL_SYSTICK_IRQHandler
                0x08000cf6        0x8 Drivers\STM32F3xx_HAL_Driver\Src\stm32f3xx_hal_cortex.o
                0x08000cf6                HAL_SYSTICK_IRQHandler
 .text.HAL_DMA_Abort_IT
                0x08000cfe       0x48 Drivers\STM32F3xx_HAL_Driver\Src\stm32f3xx_hal_dma.o
                0x08000cfe                HAL_DMA_Abort_IT
 *fill*         0x08000d46        0x2 
 .text.HAL_GPIO_Init
                0x08000d48      0x1a0 Drivers\STM32F3xx_HAL_Driver\Src\stm32f3xx_hal_gpio.o
                0x08000d48                HAL_GPIO_Init
 .text.HAL_GPIO_WritePin
                0x08000ee8        0xa Drivers\STM32F3xx_HAL_Driver\Src\stm32f3xx_hal_gpio.o
                0x08000ee8                HAL_GPIO_WritePin
 .text.HAL_GPIO_TogglePin
                0x08000ef2        0x8 Drivers\STM32F3xx_HAL_Driver\Src\stm32f3xx_hal_gpio.o
                0x08000ef2                HAL_GPIO_TogglePin
 *fill*         0x08000efa        0x2 
 .text.HAL_RCC_OscConfig
                0x08000efc      0x4fc Drivers\STM32F3xx_HAL_Driver\Src\stm32f3xx_hal_rcc.o
                0x08000efc                HAL_RCC_OscConfig
 .text.HAL_RCC_GetSysClockFreq
                0x080013f8       0x58 Drivers\STM32F3xx_HAL_Driver\Src\stm32f3xx_hal_rcc.o
                0x080013f8                HAL_RCC_GetSysClockFreq
 .text.HAL_RCC_ClockConfig
                0x08001450      0x184 Drivers\STM32F3xx_HAL_Driver\Src\stm32f3xx_hal_rcc.o
                0x08001450                HAL_RCC_ClockConfig
 .text.HAL_RCC_GetHCLKFreq
                0x080015d4        0xc Drivers\STM32F3xx_HAL_Driver\Src\stm32f3xx_hal_rcc.o
                0x080015d4                HAL_RCC_GetHCLKFreq
 .text.HAL_RCC_GetPCLK1Freq
                0x080015e0       0x30 Drivers\STM32F3xx_HAL_Driver\Src\stm32f3xx_hal_rcc.o
                0x080015e0                HAL_RCC_GetPCLK1Freq
 .text.HAL_RCC_GetPCLK2Freq
                0x08001610       0x30 Drivers\STM32F3xx_HAL_Driver\Src\stm32f3xx_hal_rcc.o
                0x08001610                HAL_RCC_GetPCLK2Freq
 .text.HAL_RCCEx_PeriphCLKConfig
                0x08001640      0x288 Drivers\STM32F3xx_HAL_Driver\Src\stm32f3xx_hal_rcc_ex.o
                0x08001640                HAL_RCCEx_PeriphCLKConfig
 .text.HAL_TIM_IC_MspInit
                0x080018c8        0x2 Drivers\STM32F3xx_HAL_Driver\Src\stm32f3xx_hal_tim.o
                0x080018c8                HAL_TIM_IC_MspInit
 .text.HAL_TIM_PeriodElapsedCallback
                0x080018ca        0x2 Drivers\STM32F3xx_HAL_Driver\Src\stm32f3xx_hal_tim.o
                0x080018ca                HAL_TIM_PeriodElapsedCallback
 .text.HAL_TIM_OC_DelayElapsedCallback
                0x080018cc        0x2 Drivers\STM32F3xx_HAL_Driver\Src\stm32f3xx_hal_tim.o
                0x080018cc                HAL_TIM_OC_DelayElapsedCallback
 .text.HAL_TIM_PWM_PulseFinishedCallback
                0x080018ce        0x2 Drivers\STM32F3xx_HAL_Driver\Src\stm32f3xx_hal_tim.o
                0x080018ce                HAL_TIM_PWM_PulseFinishedCallback
 .text.HAL_TIM_TriggerCallback
                0x080018d0        0x2 Drivers\STM32F3xx_HAL_Driver\Src\stm32f3xx_hal_tim.o
                0x080018d0                HAL_TIM_TriggerCallback
 .text.HAL_TIM_IRQHandler
                0x080018d2      0x160 Drivers\STM32F3xx_HAL_Driver\Src\stm32f3xx_hal_tim.o
                0x080018d2                HAL_TIM_IRQHandler
 *fill*         0x08001a32        0x2 
 .text.TIM_Base_SetConfig
                0x08001a34       0xd4 Drivers\STM32F3xx_HAL_Driver\Src\stm32f3xx_hal_tim.o
                0x08001a34                TIM_Base_SetConfig
 .text.HAL_TIM_PWM_Init
                0x08001b08       0x34 Drivers\STM32F3xx_HAL_Driver\Src\stm32f3xx_hal_tim.o
                0x08001b08                HAL_TIM_PWM_Init
 .text.HAL_TIM_IC_Init
                0x08001b3c       0x34 Drivers\STM32F3xx_HAL_Driver\Src\stm32f3xx_hal_tim.o
                0x08001b3c                HAL_TIM_IC_Init
 .text.TIM_OC1_SetConfig
                0x08001b70       0xa8 Drivers\STM32F3xx_HAL_Driver\Src\stm32f3xx_hal_tim.o
                0x08001b70                TIM_OC1_SetConfig
 .text.TIM_OC2_SetConfig
                0x08001c18       0x9c Drivers\STM32F3xx_HAL_Driver\Src\stm32f3xx_hal_tim.o
                0x08001c18                TIM_OC2_SetConfig
 .text.TIM_OC3_SetConfig
                0x08001cb4       0x98 Drivers\STM32F3xx_HAL_Driver\Src\stm32f3xx_hal_tim.o
                0x08001cb4                TIM_OC3_SetConfig
 .text.TIM_OC4_SetConfig
                0x08001d4c       0x70 Drivers\STM32F3xx_HAL_Driver\Src\stm32f3xx_hal_tim.o
                0x08001d4c                TIM_OC4_SetConfig
 .text.TIM_TI1_SetConfig
                0x08001dbc       0x6c Drivers\STM32F3xx_HAL_Driver\Src\stm32f3xx_hal_tim.o
                0x08001dbc                TIM_TI1_SetConfig
 .text.HAL_TIM_IC_ConfigChannel
                0x08001e28      0x110 Drivers\STM32F3xx_HAL_Driver\Src\stm32f3xx_hal_tim.o
                0x08001e28                HAL_TIM_IC_ConfigChannel
 .text.TIM_CCxChannelCmd
                0x08001f38       0x18 Drivers\STM32F3xx_HAL_Driver\Src\stm32f3xx_hal_tim.o
                0x08001f38                TIM_CCxChannelCmd
 .text.HAL_TIM_PWM_Start
                0x08001f50       0x54 Drivers\STM32F3xx_HAL_Driver\Src\stm32f3xx_hal_tim.o
                0x08001f50                HAL_TIM_PWM_Start
 .text.HAL_TIM_IC_Start_IT
                0x08001fa4       0x58 Drivers\STM32F3xx_HAL_Driver\Src\stm32f3xx_hal_tim.o
                0x08001fa4                HAL_TIM_IC_Start_IT
 .text.TIM_OC5_SetConfig
                0x08001ffc       0x70 Drivers\STM32F3xx_HAL_Driver\Src\stm32f3xx_hal_tim_ex.o
 .text.TIM_OC6_SetConfig
                0x0800206c       0x70 Drivers\STM32F3xx_HAL_Driver\Src\stm32f3xx_hal_tim_ex.o
 .text.HAL_TIM_PWM_ConfigChannel
                0x080020dc      0x10e Drivers\STM32F3xx_HAL_Driver\Src\stm32f3xx_hal_tim_ex.o
                0x080020dc                HAL_TIM_PWM_ConfigChannel
 *fill*         0x080021ea        0x2 
 .text.HAL_TIMEx_MasterConfigSynchronization
                0x080021ec       0x54 Drivers\STM32F3xx_HAL_Driver\Src\stm32f3xx_hal_tim_ex.o
                0x080021ec                HAL_TIMEx_MasterConfigSynchronization
 .text.HAL_TIMEx_ConfigBreakDeadTime
                0x08002240       0x8c Drivers\STM32F3xx_HAL_Driver\Src\stm32f3xx_hal_tim_ex.o
                0x08002240                HAL_TIMEx_ConfigBreakDeadTime
 .text.HAL_TIMEx_CommutationCallback
                0x080022cc        0x2 Drivers\STM32F3xx_HAL_Driver\Src\stm32f3xx_hal_tim_ex.o
                0x080022cc                HAL_TIMEx_CommutationCallback
 .text.HAL_TIMEx_BreakCallback
                0x080022ce        0x2 Drivers\STM32F3xx_HAL_Driver\Src\stm32f3xx_hal_tim_ex.o
                0x080022ce                HAL_TIMEx_BreakCallback
 .text.HAL_TIMEx_Break2Callback
                0x080022d0        0x2 Drivers\STM32F3xx_HAL_Driver\Src\stm32f3xx_hal_tim_ex.o
                0x080022d0                HAL_TIMEx_Break2Callback
 .text.UART_EndRxTransfer
                0x080022d2       0x1a Drivers\STM32F3xx_HAL_Driver\Src\stm32f3xx_hal_uart.o
 .text.HAL_UART_Receive_IT
                0x080022ec       0x88 Drivers\STM32F3xx_HAL_Driver\Src\stm32f3xx_hal_uart.o
                0x080022ec                HAL_UART_Receive_IT
 .text.HAL_UART_TxCpltCallback
                0x08002374        0x2 Drivers\STM32F3xx_HAL_Driver\Src\stm32f3xx_hal_uart.o
                0x08002374                HAL_UART_TxCpltCallback
 .text.HAL_UART_ErrorCallback
                0x08002376        0x2 Drivers\STM32F3xx_HAL_Driver\Src\stm32f3xx_hal_uart.o
                0x08002376                HAL_UART_ErrorCallback
 .text.UART_DMAAbortOnError
                0x08002378       0x14 Drivers\STM32F3xx_HAL_Driver\Src\stm32f3xx_hal_uart.o
 .text.UART_SetConfig
                0x0800238c      0x210 Drivers\STM32F3xx_HAL_Driver\Src\stm32f3xx_hal_uart.o
                0x0800238c                UART_SetConfig
 .text.UART_AdvFeatureConfig
                0x0800259c       0xa8 Drivers\STM32F3xx_HAL_Driver\Src\stm32f3xx_hal_uart.o
                0x0800259c                UART_AdvFeatureConfig
 .text.UART_WaitOnFlagUntilTimeout
                0x08002644       0x62 Drivers\STM32F3xx_HAL_Driver\Src\stm32f3xx_hal_uart.o
                0x08002644                UART_WaitOnFlagUntilTimeout
 .text.HAL_UART_Transmit
                0x080026a6       0xb2 Drivers\STM32F3xx_HAL_Driver\Src\stm32f3xx_hal_uart.o
                0x080026a6                HAL_UART_Transmit
 .text.UART_CheckIdleState
                0x08002758       0x64 Drivers\STM32F3xx_HAL_Driver\Src\stm32f3xx_hal_uart.o
                0x08002758                UART_CheckIdleState
 .text.HAL_UART_Init
                0x080027bc       0x64 Drivers\STM32F3xx_HAL_Driver\Src\stm32f3xx_hal_uart.o
                0x080027bc                HAL_UART_Init
 .text.UART_Transmit_IT
                0x08002820       0x5c Drivers\STM32F3xx_HAL_Driver\Src\stm32f3xx_hal_uart.o
                0x08002820                UART_Transmit_IT
 .text.UART_EndTransmit_IT
                0x0800287c       0x1a Drivers\STM32F3xx_HAL_Driver\Src\stm32f3xx_hal_uart.o
                0x0800287c                UART_EndTransmit_IT
 .text.UART_Receive_IT
                0x08002896       0x6c Drivers\STM32F3xx_HAL_Driver\Src\stm32f3xx_hal_uart.o
                0x08002896                UART_Receive_IT
 *fill*         0x08002902        0x2 
 .text.HAL_UART_IRQHandler
                0x08002904      0x12c Drivers\STM32F3xx_HAL_Driver\Src\stm32f3xx_hal_uart.o
                0x08002904                HAL_UART_IRQHandler
 .text.HAL_UARTEx_WakeupCallback
                0x08002a30        0x2 Drivers\STM32F3xx_HAL_Driver\Src\stm32f3xx_hal_uart_ex.o
                0x08002a30                HAL_UARTEx_WakeupCallback
 *fill*         0x08002a32        0x2 
 .text.SystemClock_Config
                0x08002a34       0x90 Src\main.o
                0x08002a34                SystemClock_Config
 .text.HAL_UART_RxCpltCallback
                0x08002ac4       0x5c Src\main.o
                0x08002ac4                HAL_UART_RxCpltCallback
 .text.turn_left
                0x08002b20       0x8c Src\main.o
                0x08002b20                turn_left
 .text.backward
                0x08002bac       0x8c Src\main.o
                0x08002bac                backward
 .text.stop     0x08002c38       0xb4 Src\main.o
                0x08002c38                stop
 .text.forward  0x08002cec       0x8c Src\main.o
                0x08002cec                forward
 .text.initwifi
                0x08002d78       0x44 Src\main.o
                0x08002d78                initwifi
 .text.startup.main
                0x08002dbc      0xa64 Src\main.o
                0x08002dbc                main
 .text.HAL_TIM_IC_CaptureCallback
                0x08003820       0xb0 Src\main.o
                0x08003820                HAL_TIM_IC_CaptureCallback
 .text.HAL_MspInit
                0x080038d0       0x7c Src\stm32f3xx_hal_msp.o
                0x080038d0                HAL_MspInit
 .text.HAL_TIM_PWM_MspInit
                0x0800394c      0x168 Src\stm32f3xx_hal_msp.o
                0x0800394c                HAL_TIM_PWM_MspInit
 .text.HAL_TIM_MspPostInit
                0x08003ab4       0xa8 Src\stm32f3xx_hal_msp.o
                0x08003ab4                HAL_TIM_MspPostInit
 .text.HAL_UART_MspInit
                0x08003b5c       0xa8 Src\stm32f3xx_hal_msp.o
                0x08003b5c                HAL_UART_MspInit
 .text.SVC_Handler
                0x08003c04        0x2 Src\stm32f3xx_it.o
                0x08003c04                SVC_Handler
 .text.PendSV_Handler
                0x08003c06        0x2 Src\stm32f3xx_it.o
                0x08003c06                PendSV_Handler
 .text.SysTick_Handler
                0x08003c08        0xe Src\stm32f3xx_it.o
                0x08003c08                SysTick_Handler
 *fill*         0x08003c16        0x2 
 .text.TIM1_BRK_TIM15_IRQHandler
                0x08003c18       0x1c Src\stm32f3xx_it.o
                0x08003c18                TIM1_BRK_TIM15_IRQHandler
 .text.TIM1_CC_IRQHandler
                0x08003c34        0xc Src\stm32f3xx_it.o
                0x08003c34                TIM1_CC_IRQHandler
 .text.USART2_IRQHandler
                0x08003c40        0xc Src\stm32f3xx_it.o
                0x08003c40                USART2_IRQHandler
 .text.TIM8_CC_IRQHandler
                0x08003c4c        0xc Src\stm32f3xx_it.o
                0x08003c4c                TIM8_CC_IRQHandler
 .text.TIM8_TRG_COM_IRQHandler
                0x08003c58        0x4 Src\stm32f3xx_it.o
                0x08003c58                TIM8_TRG_COM_IRQHandler
 .text.TIM8_UP_IRQHandler
                0x08003c5c        0x4 Src\stm32f3xx_it.o
                0x08003c5c                TIM8_UP_IRQHandler
 .text.TIM8_BRK_IRQHandler
                0x08003c60        0x4 Src\stm32f3xx_it.o
                0x08003c60                TIM8_BRK_IRQHandler
 .text.UART4_IRQHandler
                0x08003c64        0xc Src\stm32f3xx_it.o
                0x08003c64                UART4_IRQHandler
 .text.SystemInit
                0x08003c70       0x68 Src\system_stm32f3xx.o
                0x08003c70                SystemInit
 .text.Reset_Handler
                0x08003cd8       0x50 startup\startup_stm32f303xe.o
                0x08003cd8                Reset_Handler
 .text.Default_Handler
                0x08003d28        0x2 startup\startup_stm32f303xe.o
                0x08003d28                RTC_Alarm_IRQHandler
                0x08003d28                DebugMon_Handler
                0x08003d28                SPI4_IRQHandler
                0x08003d28                HardFault_Handler
                0x08003d28                USB_HP_IRQHandler
                0x08003d28                PVD_IRQHandler
                0x08003d28                TAMP_STAMP_IRQHandler
                0x08003d28                NMI_Handler
                0x08003d28                EXTI3_IRQHandler
                0x08003d28                I2C3_ER_IRQHandler
                0x08003d28                USB_HP_CAN_TX_IRQHandler
                0x08003d28                EXTI0_IRQHandler
                0x08003d28                I2C2_EV_IRQHandler
                0x08003d28                FPU_IRQHandler
                0x08003d28                TIM1_UP_TIM16_IRQHandler
                0x08003d28                UsageFault_Handler
                0x08003d28                ADC1_2_IRQHandler
                0x08003d28                SPI1_IRQHandler
                0x08003d28                CAN_SCE_IRQHandler
                0x08003d28                TIM6_DAC_IRQHandler
                0x08003d28                DMA2_Channel2_IRQHandler
                0x08003d28                DMA1_Channel4_IRQHandler
                0x08003d28                TIM20_TRG_COM_IRQHandler
                0x08003d28                USART3_IRQHandler
                0x08003d28                DMA1_Channel7_IRQHandler
                0x08003d28                UART5_IRQHandler
                0x08003d28                ADC3_IRQHandler
                0x08003d28                TIM4_IRQHandler
                0x08003d28                CAN_RX1_IRQHandler
                0x08003d28                DMA2_Channel1_IRQHandler
                0x08003d28                I2C1_EV_IRQHandler
                0x08003d28                DMA1_Channel6_IRQHandler
                0x08003d28                DMA2_Channel4_IRQHandler
                0x08003d28                TIM3_IRQHandler
                0x08003d28                RCC_IRQHandler
                0x08003d28                TIM20_UP_IRQHandler
                0x08003d28                DMA1_Channel1_IRQHandler
                0x08003d28                Default_Handler
                0x08003d28                USBWakeUp_RMP_IRQHandler
                0x08003d28                EXTI15_10_IRQHandler
                0x08003d28                TIM7_IRQHandler
                0x08003d28                I2C3_EV_IRQHandler
                0x08003d28                EXTI9_5_IRQHandler
                0x08003d28                RTC_WKUP_IRQHandler
                0x08003d28                SPI2_IRQHandler
                0x08003d28                USB_LP_CAN_RX0_IRQHandler
                0x08003d28                MemManage_Handler
                0x08003d28                DMA2_Channel5_IRQHandler
                0x08003d28                DMA1_Channel5_IRQHandler
                0x08003d28                USB_LP_IRQHandler
                0x08003d28                EXTI4_IRQHandler
                0x08003d28                TIM1_TRG_COM_TIM17_IRQHandler
                0x08003d28                DMA1_Channel3_IRQHandler
                0x08003d28                ADC4_IRQHandler
                0x08003d28                WWDG_IRQHandler
                0x08003d28                TIM2_IRQHandler
                0x08003d28                COMP7_IRQHandler
                0x08003d28                COMP1_2_3_IRQHandler
                0x08003d28                EXTI1_IRQHandler
                0x08003d28                COMP4_5_6_IRQHandler
                0x08003d28                TIM20_BRK_IRQHandler
                0x08003d28                I2C2_ER_IRQHandler
                0x08003d28                DMA1_Channel2_IRQHandler
                0x08003d28                FLASH_IRQHandler
                0x08003d28                TIM20_CC_IRQHandler
                0x08003d28                BusFault_Handler
                0x08003d28                USART1_IRQHandler
                0x08003d28                SPI3_IRQHandler
                0x08003d28                I2C1_ER_IRQHandler
                0x08003d28                FMC_IRQHandler
                0x08003d28                USBWakeUp_IRQHandler
                0x08003d28                DMA2_Channel3_IRQHandler
                0x08003d28                EXTI2_TSC_IRQHandler
 *fill*         0x08003d2a        0x2 
 .text.__libc_init_array
                0x08003d2c       0x48 d:/truestudio for stm32 9.3.0/armtools/bin/../lib/gcc/arm-atollic-eabi/6.3.1/../../../../arm-atollic-eabi/lib/armv7e-m/fpu\libc_nano.a(lib_a-init.o)
                0x08003d2c                __libc_init_array
 .text.memcpy   0x08003d74       0x16 d:/truestudio for stm32 9.3.0/armtools/bin/../lib/gcc/arm-atollic-eabi/6.3.1/../../../../arm-atollic-eabi/lib/armv7e-m/fpu\libc_nano.a(lib_a-memcpy-stub.o)
                0x08003d74                memcpy
 *fill*         0x08003d8a        0x2 
 .text.sprintf  0x08003d8c       0x48 d:/truestudio for stm32 9.3.0/armtools/bin/../lib/gcc/arm-atollic-eabi/6.3.1/../../../../arm-atollic-eabi/lib/armv7e-m/fpu\libc_nano.a(lib_a-sprintf.o)
                0x08003d8c                siprintf
                0x08003d8c                sprintf
 .text.strcpy   0x08003dd4       0x10 d:/truestudio for stm32 9.3.0/armtools/bin/../lib/gcc/arm-atollic-eabi/6.3.1/../../../../arm-atollic-eabi/lib/armv7e-m/fpu\libc_nano.a(lib_a-strcpy.o)
                0x08003dd4                strcpy
 .text.__ssputs_r
                0x08003de4       0xb6 d:/truestudio for stm32 9.3.0/armtools/bin/../lib/gcc/arm-atollic-eabi/6.3.1/../../../../arm-atollic-eabi/lib/armv7e-m/fpu\libc_nano.a(lib_a-nano-svfprintf.o)
                0x08003de4                __ssputs_r
 *fill*         0x08003e9a        0x2 
 .text._svfprintf_r
                0x08003e9c      0x1e8 d:/truestudio for stm32 9.3.0/armtools/bin/../lib/gcc/arm-atollic-eabi/6.3.1/../../../../arm-atollic-eabi/lib/armv7e-m/fpu\libc_nano.a(lib_a-nano-svfprintf.o)
                0x08003e9c                _svfiprintf_r
                0x08003e9c                _svfprintf_r
 .text._printf_common
                0x08004084       0xec d:/truestudio for stm32 9.3.0/armtools/bin/../lib/gcc/arm-atollic-eabi/6.3.1/../../../../arm-atollic-eabi/lib/armv7e-m/fpu\libc_nano.a(lib_a-nano-vfprintf_i.o)
                0x08004084                _printf_common
 .text._printf_i
                0x08004170      0x240 d:/truestudio for stm32 9.3.0/armtools/bin/../lib/gcc/arm-atollic-eabi/6.3.1/../../../../arm-atollic-eabi/lib/armv7e-m/fpu\libc_nano.a(lib_a-nano-vfprintf_i.o)
                0x08004170                _printf_i
 .text.memmove  0x080043b0       0x34 d:/truestudio for stm32 9.3.0/armtools/bin/../lib/gcc/arm-atollic-eabi/6.3.1/../../../../arm-atollic-eabi/lib/armv7e-m/fpu\libc_nano.a(lib_a-memmove.o)
                0x080043b0                memmove
 .text._free_r  0x080043e4       0x9c d:/truestudio for stm32 9.3.0/armtools/bin/../lib/gcc/arm-atollic-eabi/6.3.1/../../../../arm-atollic-eabi/lib/armv7e-m/fpu\libc_nano.a(lib_a-nano-freer.o)
                0x080043e4                _free_r
 .text._malloc_r
                0x08004480       0xbc d:/truestudio for stm32 9.3.0/armtools/bin/../lib/gcc/arm-atollic-eabi/6.3.1/../../../../arm-atollic-eabi/lib/armv7e-m/fpu\libc_nano.a(lib_a-nano-mallocr.o)
                0x08004480                _malloc_r
 .text._realloc_r
                0x0800453c       0x4c d:/truestudio for stm32 9.3.0/armtools/bin/../lib/gcc/arm-atollic-eabi/6.3.1/../../../../arm-atollic-eabi/lib/armv7e-m/fpu\libc_nano.a(lib_a-nano-reallocr.o)
                0x0800453c                _realloc_r
 .text._sbrk_r  0x08004588       0x20 d:/truestudio for stm32 9.3.0/armtools/bin/../lib/gcc/arm-atollic-eabi/6.3.1/../../../../arm-atollic-eabi/lib/armv7e-m/fpu\libc_nano.a(lib_a-sbrkr.o)
                0x08004588                _sbrk_r
 .text.__malloc_lock
                0x080045a8        0x2 d:/truestudio for stm32 9.3.0/armtools/bin/../lib/gcc/arm-atollic-eabi/6.3.1/../../../../arm-atollic-eabi/lib/armv7e-m/fpu\libc_nano.a(lib_a-mlock.o)
                0x080045a8                __malloc_lock
 .text.__malloc_unlock
                0x080045aa        0x2 d:/truestudio for stm32 9.3.0/armtools/bin/../lib/gcc/arm-atollic-eabi/6.3.1/../../../../arm-atollic-eabi/lib/armv7e-m/fpu\libc_nano.a(lib_a-mlock.o)
                0x080045aa                __malloc_unlock
 .text._malloc_usable_size_r
                0x080045ac       0x12 d:/truestudio for stm32 9.3.0/armtools/bin/../lib/gcc/arm-atollic-eabi/6.3.1/../../../../arm-atollic-eabi/lib/armv7e-m/fpu\libc_nano.a(lib_a-nano-msizer.o)
                0x080045ac                _malloc_usable_size_r
 *fill*         0x080045be        0x2 
 .text._sbrk    0x080045c0       0x1c d:/truestudio for stm32 9.3.0/armtools/bin/../lib/gcc/arm-atollic-eabi/6.3.1/../../../../arm-atollic-eabi/lib/armv7e-m/fpu\libnosys.a(sbrk.o)
                0x080045c0                _sbrk
 *(.glue_7)
 .glue_7        0x080045dc        0x0 linker stubs
 *(.glue_7t)
 .glue_7t       0x080045dc        0x0 linker stubs
 *(.eh_frame)
 .eh_frame      0x080045dc        0x0 d:/truestudio for stm32 9.3.0/armtools/bin/../lib/gcc/arm-atollic-eabi/6.3.1/armv7e-m/fpu/crtbegin.o
 *(.init)
 .init          0x080045dc        0x4 d:/truestudio for stm32 9.3.0/armtools/bin/../lib/gcc/arm-atollic-eabi/6.3.1/armv7e-m/fpu/crti.o
                0x080045dc                _init
 .init          0x080045e0        0x8 d:/truestudio for stm32 9.3.0/armtools/bin/../lib/gcc/arm-atollic-eabi/6.3.1/armv7e-m/fpu/crtn.o
 *(.fini)
 .fini          0x080045e8        0x4 d:/truestudio for stm32 9.3.0/armtools/bin/../lib/gcc/arm-atollic-eabi/6.3.1/armv7e-m/fpu/crti.o
                0x080045e8                _fini
 .fini          0x080045ec        0x8 d:/truestudio for stm32 9.3.0/armtools/bin/../lib/gcc/arm-atollic-eabi/6.3.1/armv7e-m/fpu/crtn.o
                0x080045f4                . = ALIGN (0x4)
                0x080045f4                _etext = .

.vfp11_veneer   0x080045f4        0x0
 .vfp11_veneer  0x080045f4        0x0 linker stubs

.v4_bx          0x080045f4        0x0
 .v4_bx         0x080045f4        0x0 linker stubs

.iplt           0x080045f4        0x0
 .iplt          0x080045f4        0x0 d:/truestudio for stm32 9.3.0/armtools/bin/../lib/gcc/arm-atollic-eabi/6.3.1/armv7e-m/fpu/crtbegin.o

.rodata         0x080045f4      0x128
                0x080045f4                . = ALIGN (0x4)
 *(.rodata)
 *(.rodata*)
 .rodata.aPLLMULFactorTable
                0x080045f4       0x10 Drivers\STM32F3xx_HAL_Driver\Src\stm32f3xx_hal_rcc.o
                0x080045f4                aPLLMULFactorTable
 .rodata.aPredivFactorTable
                0x08004604       0x10 Drivers\STM32F3xx_HAL_Driver\Src\stm32f3xx_hal_rcc.o
                0x08004604                aPredivFactorTable
 .rodata.CSWTCH.45
                0x08004614        0x4 Drivers\STM32F3xx_HAL_Driver\Src\stm32f3xx_hal_uart.o
 .rodata.initwifi.str1.1
                0x08004618       0x59 Src\main.o
 .rodata.main.str1.1
                0x08004671       0x57 Src\main.o
 .rodata.stop.str1.1
                0x080046c8        0x8 Src\main.o
 .rodata.AHBPrescTable
                0x080046d0       0x10 Src\system_stm32f3xx.o
                0x080046d0                AHBPrescTable
 .rodata.APBPrescTable
                0x080046e0        0x8 Src\system_stm32f3xx.o
                0x080046e0                APBPrescTable
 .rodata._svfprintf_r.str1.1
                0x080046e8       0x11 d:/truestudio for stm32 9.3.0/armtools/bin/../lib/gcc/arm-atollic-eabi/6.3.1/../../../../arm-atollic-eabi/lib/armv7e-m/fpu\libc_nano.a(lib_a-nano-svfprintf.o)
 .rodata._printf_i.str1.1
                0x080046f9       0x22 d:/truestudio for stm32 9.3.0/armtools/bin/../lib/gcc/arm-atollic-eabi/6.3.1/../../../../arm-atollic-eabi/lib/armv7e-m/fpu\libc_nano.a(lib_a-nano-vfprintf_i.o)
                0x0800471c                . = ALIGN (0x4)
 *fill*         0x0800471b        0x1 

.rel.dyn        0x0800471c        0x0
 .rel.iplt      0x0800471c        0x0 d:/truestudio for stm32 9.3.0/armtools/bin/../lib/gcc/arm-atollic-eabi/6.3.1/armv7e-m/fpu/crtbegin.o

.ARM.extab
 *(.ARM.extab* .gnu.linkonce.armextab.*)

.ARM            0x0800471c        0x0
                0x0800471c                __exidx_start = .
 *(.ARM.exidx*)
                0x0800471c                __exidx_end = .

.preinit_array  0x0800471c        0x0
                0x0800471c                PROVIDE (__preinit_array_start, .)
 *(.preinit_array*)
                0x0800471c                PROVIDE (__preinit_array_end, .)

.init_array     0x0800471c        0x4
                0x0800471c                PROVIDE (__init_array_start, .)
 *(SORT(.init_array.*))
 *(.init_array*)
 .init_array    0x0800471c        0x4 d:/truestudio for stm32 9.3.0/armtools/bin/../lib/gcc/arm-atollic-eabi/6.3.1/armv7e-m/fpu/crtbegin.o
                0x08004720                PROVIDE (__init_array_end, .)

.fini_array     0x08004720        0x4
                [!provide]                PROVIDE (__fini_array_start, .)
 *(SORT(.fini_array.*))
 *(.fini_array*)
 .fini_array    0x08004720        0x4 d:/truestudio for stm32 9.3.0/armtools/bin/../lib/gcc/arm-atollic-eabi/6.3.1/armv7e-m/fpu/crtbegin.o
                [!provide]                PROVIDE (__fini_array_end, .)
                0x08004724                _sidata = LOADADDR (.data)

.data           0x20000000       0xc8 load address 0x08004724
                0x20000000                . = ALIGN (0x4)
                0x20000000                _sdata = .
 *(.data)
 *(.data*)
 .data.flag     0x20000000        0x4 Src\main.o
                0x20000000                flag
 *fill*         0x20000004        0x4 
 .data.front_distance
                0x20000008        0x8 Src\main.o
                0x20000008                front_distance
 .data.front_rise
                0x20000010        0x4 Src\main.o
                0x20000010                front_rise
 .data.isforward
                0x20000014        0x4 Src\main.o
                0x20000014                isforward
 .data.last_front_distance
                0x20000018        0x8 Src\main.o
                0x20000018                last_front_distance
 .data.last_left_distance
                0x20000020        0x8 Src\main.o
                0x20000020                last_left_distance
 .data.last_right_distance
                0x20000028        0x8 Src\main.o
                0x20000028                last_right_distance
 .data.left_distance
                0x20000030        0x8 Src\main.o
                0x20000030                left_distance
 .data.left_rise
                0x20000038        0x4 Src\main.o
                0x20000038                left_rise
 .data.left_side_threshold
                0x2000003c        0x4 Src\main.o
                0x2000003c                left_side_threshold
 .data.right_distance
                0x20000040        0x8 Src\main.o
                0x20000040                right_distance
 .data.right_rise
                0x20000048        0x4 Src\main.o
                0x20000048                right_rise
 .data.right_side_threshold
                0x2000004c        0x4 Src\main.o
                0x2000004c                right_side_threshold
 .data.rx_data  0x20000050        0x1 Src\main.o
                0x20000050                rx_data
 *fill*         0x20000051        0x3 
 .data.self_move
                0x20000054        0x4 Src\main.o
                0x20000054                self_move
 .data.speed    0x20000058        0x4 Src\main.o
                0x20000058                speed
 .data.turn_threshold
                0x2000005c        0x4 Src\main.o
                0x2000005c                turn_threshold
 .data.SystemCoreClock
                0x20000060        0x4 Src\system_stm32f3xx.o
                0x20000060                SystemCoreClock
 .data._impure_ptr
                0x20000064        0x4 d:/truestudio for stm32 9.3.0/armtools/bin/../lib/gcc/arm-atollic-eabi/6.3.1/../../../../arm-atollic-eabi/lib/armv7e-m/fpu\libc_nano.a(lib_a-impure.o)
                0x20000064                _impure_ptr
 .data.impure_data
                0x20000068       0x60 d:/truestudio for stm32 9.3.0/armtools/bin/../lib/gcc/arm-atollic-eabi/6.3.1/../../../../arm-atollic-eabi/lib/armv7e-m/fpu\libc_nano.a(lib_a-impure.o)
                0x200000c8                . = ALIGN (0x4)
                0x200000c8                _edata = .
                0x080047ec                _siccmram = LOADADDR (.ccmram)

.igot.plt       0x200000c8        0x0 load address 0x080047ec
 .igot.plt      0x200000c8        0x0 d:/truestudio for stm32 9.3.0/armtools/bin/../lib/gcc/arm-atollic-eabi/6.3.1/armv7e-m/fpu/crtbegin.o

.ccmram         0x10000000        0x0 load address 0x080047ec
                0x10000000                . = ALIGN (0x4)
                0x10000000                _sccmram = .
 *(.ccmram)
 *(.ccmram*)
                0x10000000                . = ALIGN (0x4)
                0x10000000                _eccmram = .
                0x10000000                . = ALIGN (0x4)

.bss            0x200000c8      0x250
                0x200000c8                _sbss = .
                0x200000c8                __bss_start__ = _sbss
 *(.bss)
 .bss           0x200000c8       0x1c d:/truestudio for stm32 9.3.0/armtools/bin/../lib/gcc/arm-atollic-eabi/6.3.1/armv7e-m/fpu/crtbegin.o
 *(.bss*)
 .bss.__malloc_free_list
                0x200000e4        0x4 d:/truestudio for stm32 9.3.0/armtools/bin/../lib/gcc/arm-atollic-eabi/6.3.1/../../../../arm-atollic-eabi/lib/armv7e-m/fpu\libc_nano.a(lib_a-nano-mallocr.o)
                0x200000e4                __malloc_free_list
 .bss.__malloc_sbrk_start
                0x200000e8        0x4 d:/truestudio for stm32 9.3.0/armtools/bin/../lib/gcc/arm-atollic-eabi/6.3.1/../../../../arm-atollic-eabi/lib/armv7e-m/fpu\libc_nano.a(lib_a-nano-mallocr.o)
                0x200000e8                __malloc_sbrk_start
 .bss.heap_end.5239
                0x200000ec        0x4 d:/truestudio for stm32 9.3.0/armtools/bin/../lib/gcc/arm-atollic-eabi/6.3.1/../../../../arm-atollic-eabi/lib/armv7e-m/fpu\libnosys.a(sbrk.o)
 *(COMMON)
 COMMON         0x200000f0        0x4 Drivers\STM32F3xx_HAL_Driver\Src\stm32f3xx_hal.o
                0x200000f0                uwTick
 COMMON         0x200000f4      0x220 Src\main.o
                0x200000f4                htim8
                0x20000134                htim4
                0x20000174                htim15
                0x200001b4                htim3
                0x200001f4                htim1
                0x20000234                huart4
                0x200002a4                huart2
 COMMON         0x20000314        0x4 d:/truestudio for stm32 9.3.0/armtools/bin/../lib/gcc/arm-atollic-eabi/6.3.1/../../../../arm-atollic-eabi/lib/armv7e-m/fpu\libc_nano.a(lib_a-reent.o)
                0x20000314                errno
                0x20000318                . = ALIGN (0x4)
                0x20000318                _ebss = .
                0x20000318                __bss_end__ = _ebss

._user_heap_stack
                0x20000318      0x600
                0x20000318                . = ALIGN (0x4)
                0x20000318                PROVIDE (end, .)
                [!provide]                PROVIDE (_end, .)
                0x20000518                . = (. + _Min_Heap_Size)
 *fill*         0x20000318      0x200 
                0x20000918                . = (. + _Min_Stack_Size)
 *fill*         0x20000518      0x400 
                0x20000918                . = ALIGN (0x4)

/DISCARD/
 libc.a(*)
 libm.a(*)
 libgcc.a(*)

.ARM.attributes
                0x00000000       0x30
 *(.ARM.attributes)
 .ARM.attributes
                0x00000000       0x22 d:/truestudio for stm32 9.3.0/armtools/bin/../lib/gcc/arm-atollic-eabi/6.3.1/armv7e-m/fpu/crti.o
 .ARM.attributes
                0x00000022       0x34 d:/truestudio for stm32 9.3.0/armtools/bin/../lib/gcc/arm-atollic-eabi/6.3.1/armv7e-m/fpu/crtbegin.o
 .ARM.attributes
                0x00000056       0x39 Drivers\STM32F3xx_HAL_Driver\Src\stm32f3xx_hal.o
 .ARM.attributes
                0x0000008f       0x39 Drivers\STM32F3xx_HAL_Driver\Src\stm32f3xx_hal_cortex.o
 .ARM.attributes
                0x000000c8       0x39 Drivers\STM32F3xx_HAL_Driver\Src\stm32f3xx_hal_dma.o
 .ARM.attributes
                0x00000101       0x39 Drivers\STM32F3xx_HAL_Driver\Src\stm32f3xx_hal_gpio.o
 .ARM.attributes
                0x0000013a       0x39 Drivers\STM32F3xx_HAL_Driver\Src\stm32f3xx_hal_rcc.o
 .ARM.attributes
                0x00000173       0x39 Drivers\STM32F3xx_HAL_Driver\Src\stm32f3xx_hal_rcc_ex.o
 .ARM.attributes
                0x000001ac       0x39 Drivers\STM32F3xx_HAL_Driver\Src\stm32f3xx_hal_tim.o
 .ARM.attributes
                0x000001e5       0x39 Drivers\STM32F3xx_HAL_Driver\Src\stm32f3xx_hal_tim_ex.o
 .ARM.attributes
                0x0000021e       0x39 Drivers\STM32F3xx_HAL_Driver\Src\stm32f3xx_hal_uart.o
 .ARM.attributes
                0x00000257       0x39 Drivers\STM32F3xx_HAL_Driver\Src\stm32f3xx_hal_uart_ex.o
 .ARM.attributes
                0x00000290       0x39 Src\main.o
 .ARM.attributes
                0x000002c9       0x39 Src\stm32f3xx_hal_msp.o
 .ARM.attributes
                0x00000302       0x39 Src\stm32f3xx_it.o
 .ARM.attributes
                0x0000033b       0x39 Src\system_stm32f3xx.o
 .ARM.attributes
                0x00000374       0x21 startup\startup_stm32f303xe.o
 .ARM.attributes
                0x00000395       0x34 d:/truestudio for stm32 9.3.0/armtools/bin/../lib/gcc/arm-atollic-eabi/6.3.1/../../../../arm-atollic-eabi/lib/armv7e-m/fpu\libc_nano.a(lib_a-init.o)
 .ARM.attributes
                0x000003c9       0x34 d:/truestudio for stm32 9.3.0/armtools/bin/../lib/gcc/arm-atollic-eabi/6.3.1/../../../../arm-atollic-eabi/lib/armv7e-m/fpu\libc_nano.a(lib_a-memcpy-stub.o)
 .ARM.attributes
                0x000003fd       0x34 d:/truestudio for stm32 9.3.0/armtools/bin/../lib/gcc/arm-atollic-eabi/6.3.1/../../../../arm-atollic-eabi/lib/armv7e-m/fpu\libc_nano.a(lib_a-sprintf.o)
 .ARM.attributes
                0x00000431       0x34 d:/truestudio for stm32 9.3.0/armtools/bin/../lib/gcc/arm-atollic-eabi/6.3.1/../../../../arm-atollic-eabi/lib/armv7e-m/fpu\libc_nano.a(lib_a-strcpy.o)
 .ARM.attributes
                0x00000465       0x1b d:/truestudio for stm32 9.3.0/armtools/bin/../lib/gcc/arm-atollic-eabi/6.3.1/../../../../arm-atollic-eabi/lib/armv7e-m/fpu\libc_nano.a(lib_a-strlen.o)
 .ARM.attributes
                0x00000480       0x34 d:/truestudio for stm32 9.3.0/armtools/bin/../lib/gcc/arm-atollic-eabi/6.3.1/../../../../arm-atollic-eabi/lib/armv7e-m/fpu\libc_nano.a(lib_a-impure.o)
 .ARM.attributes
                0x000004b4       0x34 d:/truestudio for stm32 9.3.0/armtools/bin/../lib/gcc/arm-atollic-eabi/6.3.1/../../../../arm-atollic-eabi/lib/armv7e-m/fpu\libc_nano.a(lib_a-nano-svfprintf.o)
 .ARM.attributes
                0x000004e8       0x34 d:/truestudio for stm32 9.3.0/armtools/bin/../lib/gcc/arm-atollic-eabi/6.3.1/../../../../arm-atollic-eabi/lib/armv7e-m/fpu\libc_nano.a(lib_a-nano-vfprintf_i.o)
 .ARM.attributes
                0x0000051c       0x20 d:/truestudio for stm32 9.3.0/armtools/bin/../lib/gcc/arm-atollic-eabi/6.3.1/../../../../arm-atollic-eabi/lib/armv7e-m/fpu\libc_nano.a(lib_a-memchr.o)
 .ARM.attributes
                0x0000053c       0x34 d:/truestudio for stm32 9.3.0/armtools/bin/../lib/gcc/arm-atollic-eabi/6.3.1/../../../../arm-atollic-eabi/lib/armv7e-m/fpu\libc_nano.a(lib_a-memmove.o)
 .ARM.attributes
                0x00000570       0x34 d:/truestudio for stm32 9.3.0/armtools/bin/../lib/gcc/arm-atollic-eabi/6.3.1/../../../../arm-atollic-eabi/lib/armv7e-m/fpu\libc_nano.a(lib_a-nano-freer.o)
 .ARM.attributes
                0x000005a4       0x34 d:/truestudio for stm32 9.3.0/armtools/bin/../lib/gcc/arm-atollic-eabi/6.3.1/../../../../arm-atollic-eabi/lib/armv7e-m/fpu\libc_nano.a(lib_a-nano-mallocr.o)
 .ARM.attributes
                0x000005d8       0x34 d:/truestudio for stm32 9.3.0/armtools/bin/../lib/gcc/arm-atollic-eabi/6.3.1/../../../../arm-atollic-eabi/lib/armv7e-m/fpu\libc_nano.a(lib_a-nano-reallocr.o)
 .ARM.attributes
                0x0000060c       0x34 d:/truestudio for stm32 9.3.0/armtools/bin/../lib/gcc/arm-atollic-eabi/6.3.1/../../../../arm-atollic-eabi/lib/armv7e-m/fpu\libc_nano.a(lib_a-sbrkr.o)
 .ARM.attributes
                0x00000640       0x34 d:/truestudio for stm32 9.3.0/armtools/bin/../lib/gcc/arm-atollic-eabi/6.3.1/../../../../arm-atollic-eabi/lib/armv7e-m/fpu\libc_nano.a(lib_a-mlock.o)
 .ARM.attributes
                0x00000674       0x34 d:/truestudio for stm32 9.3.0/armtools/bin/../lib/gcc/arm-atollic-eabi/6.3.1/../../../../arm-atollic-eabi/lib/armv7e-m/fpu\libc_nano.a(lib_a-nano-msizer.o)
 .ARM.attributes
                0x000006a8       0x34 d:/truestudio for stm32 9.3.0/armtools/bin/../lib/gcc/arm-atollic-eabi/6.3.1/../../../../arm-atollic-eabi/lib/armv7e-m/fpu\libc_nano.a(lib_a-reent.o)
 .ARM.attributes
                0x000006dc       0x22 d:/truestudio for stm32 9.3.0/armtools/bin/../lib/gcc/arm-atollic-eabi/6.3.1/armv7e-m/fpu\libgcc.a(_arm_addsubdf3.o)
 .ARM.attributes
                0x000006fe       0x22 d:/truestudio for stm32 9.3.0/armtools/bin/../lib/gcc/arm-atollic-eabi/6.3.1/armv7e-m/fpu\libgcc.a(_arm_muldivdf3.o)
 .ARM.attributes
                0x00000720       0x22 d:/truestudio for stm32 9.3.0/armtools/bin/../lib/gcc/arm-atollic-eabi/6.3.1/armv7e-m/fpu\libgcc.a(_arm_cmpdf2.o)
 .ARM.attributes
                0x00000742       0x22 d:/truestudio for stm32 9.3.0/armtools/bin/../lib/gcc/arm-atollic-eabi/6.3.1/armv7e-m/fpu\libgcc.a(_arm_fixdfsi.o)
 .ARM.attributes
                0x00000764       0x34 d:/truestudio for stm32 9.3.0/armtools/bin/../lib/gcc/arm-atollic-eabi/6.3.1/../../../../arm-atollic-eabi/lib/armv7e-m/fpu\libnosys.a(sbrk.o)
 .ARM.attributes
                0x00000798       0x22 d:/truestudio for stm32 9.3.0/armtools/bin/../lib/gcc/arm-atollic-eabi/6.3.1/armv7e-m/fpu/crtn.o
OUTPUT(ship_controller.elf elf32-littlearm)

.debug_info     0x00000000    0x1696b
 .debug_info    0x00000000      0xfe0 Drivers\STM32F3xx_HAL_Driver\Src\stm32f3xx_hal.o
 .debug_info    0x00000fe0     0x16de Drivers\STM32F3xx_HAL_Driver\Src\stm32f3xx_hal_cortex.o
 .debug_info    0x000026be     0x1039 Drivers\STM32F3xx_HAL_Driver\Src\stm32f3xx_hal_dma.o
 .debug_info    0x000036f7      0xf98 Drivers\STM32F3xx_HAL_Driver\Src\stm32f3xx_hal_gpio.o
 .debug_info    0x0000468f     0x1afd Drivers\STM32F3xx_HAL_Driver\Src\stm32f3xx_hal_rcc.o
 .debug_info    0x0000618c      0xf53 Drivers\STM32F3xx_HAL_Driver\Src\stm32f3xx_hal_rcc_ex.o
 .debug_info    0x000070df     0x3d10 Drivers\STM32F3xx_HAL_Driver\Src\stm32f3xx_hal_tim.o
 .debug_info    0x0000adef     0x1d4c Drivers\STM32F3xx_HAL_Driver\Src\stm32f3xx_hal_tim_ex.o
 .debug_info    0x0000cb3b     0x2221 Drivers\STM32F3xx_HAL_Driver\Src\stm32f3xx_hal_uart.o
 .debug_info    0x0000ed5c     0x113a Drivers\STM32F3xx_HAL_Driver\Src\stm32f3xx_hal_uart_ex.o
 .debug_info    0x0000fe96     0x316e Src\main.o
 .debug_info    0x00013004     0x1a7f Src\stm32f3xx_hal_msp.o
 .debug_info    0x00014a83     0x1245 Src\stm32f3xx_it.o
 .debug_info    0x00015cc8      0xc20 Src\system_stm32f3xx.o
 .debug_info    0x000168e8       0x83 startup\startup_stm32f303xe.o

.debug_abbrev   0x00000000     0x2894
 .debug_abbrev  0x00000000      0x2b3 Drivers\STM32F3xx_HAL_Driver\Src\stm32f3xx_hal.o
 .debug_abbrev  0x000002b3      0x37d Drivers\STM32F3xx_HAL_Driver\Src\stm32f3xx_hal_cortex.o
 .debug_abbrev  0x00000630      0x2b2 Drivers\STM32F3xx_HAL_Driver\Src\stm32f3xx_hal_dma.o
 .debug_abbrev  0x000008e2      0x268 Drivers\STM32F3xx_HAL_Driver\Src\stm32f3xx_hal_gpio.o
 .debug_abbrev  0x00000b4a      0x345 Drivers\STM32F3xx_HAL_Driver\Src\stm32f3xx_hal_rcc.o
 .debug_abbrev  0x00000e8f      0x329 Drivers\STM32F3xx_HAL_Driver\Src\stm32f3xx_hal_rcc_ex.o
 .debug_abbrev  0x000011b8      0x3ab Drivers\STM32F3xx_HAL_Driver\Src\stm32f3xx_hal_tim.o
 .debug_abbrev  0x00001563      0x30d Drivers\STM32F3xx_HAL_Driver\Src\stm32f3xx_hal_tim_ex.o
 .debug_abbrev  0x00001870      0x384 Drivers\STM32F3xx_HAL_Driver\Src\stm32f3xx_hal_uart.o
 .debug_abbrev  0x00001bf4      0x279 Drivers\STM32F3xx_HAL_Driver\Src\stm32f3xx_hal_uart_ex.o
 .debug_abbrev  0x00001e6d      0x3c6 Src\main.o
 .debug_abbrev  0x00002233      0x27d Src\stm32f3xx_hal_msp.o
 .debug_abbrev  0x000024b0      0x208 Src\stm32f3xx_it.o
 .debug_abbrev  0x000026b8      0x1ca Src\system_stm32f3xx.o
 .debug_abbrev  0x00002882       0x12 startup\startup_stm32f303xe.o

.debug_loc      0x00000000     0x7b6b
 .debug_loc     0x00000000       0x69 Drivers\STM32F3xx_HAL_Driver\Src\stm32f3xx_hal.o
 .debug_loc     0x00000069      0x4fb Drivers\STM32F3xx_HAL_Driver\Src\stm32f3xx_hal_cortex.o
 .debug_loc     0x00000564      0x5a6 Drivers\STM32F3xx_HAL_Driver\Src\stm32f3xx_hal_dma.o
 .debug_loc     0x00000b0a      0x2b7 Drivers\STM32F3xx_HAL_Driver\Src\stm32f3xx_hal_gpio.o
 .debug_loc     0x00000dc1      0x92c Drivers\STM32F3xx_HAL_Driver\Src\stm32f3xx_hal_rcc.o
 .debug_loc     0x000016ed      0x858 Drivers\STM32F3xx_HAL_Driver\Src\stm32f3xx_hal_rcc_ex.o
 .debug_loc     0x00001f45     0x31c6 Drivers\STM32F3xx_HAL_Driver\Src\stm32f3xx_hal_tim.o
 .debug_loc     0x0000510b      0xeca Drivers\STM32F3xx_HAL_Driver\Src\stm32f3xx_hal_tim_ex.o
 .debug_loc     0x00005fd5     0x1431 Drivers\STM32F3xx_HAL_Driver\Src\stm32f3xx_hal_uart.o
 .debug_loc     0x00007406      0x2fd Drivers\STM32F3xx_HAL_Driver\Src\stm32f3xx_hal_uart_ex.o
 .debug_loc     0x00007703      0x1e5 Src\main.o
 .debug_loc     0x000078e8      0x18e Src\stm32f3xx_hal_msp.o
 .debug_loc     0x00007a76       0xf5 Src\system_stm32f3xx.o

.debug_aranges  0x00000000      0x9c0
 .debug_aranges
                0x00000000       0xc0 Drivers\STM32F3xx_HAL_Driver\Src\stm32f3xx_hal.o
 .debug_aranges
                0x000000c0       0xa8 Drivers\STM32F3xx_HAL_Driver\Src\stm32f3xx_hal_cortex.o
 .debug_aranges
                0x00000168       0x80 Drivers\STM32F3xx_HAL_Driver\Src\stm32f3xx_hal_dma.o
 .debug_aranges
                0x000001e8       0x58 Drivers\STM32F3xx_HAL_Driver\Src\stm32f3xx_hal_gpio.o
 .debug_aranges
                0x00000240       0x88 Drivers\STM32F3xx_HAL_Driver\Src\stm32f3xx_hal_rcc.o
 .debug_aranges
                0x000002c8       0x38 Drivers\STM32F3xx_HAL_Driver\Src\stm32f3xx_hal_rcc_ex.o
 .debug_aranges
                0x00000300      0x268 Drivers\STM32F3xx_HAL_Driver\Src\stm32f3xx_hal_tim.o
 .debug_aranges
                0x00000568      0x120 Drivers\STM32F3xx_HAL_Driver\Src\stm32f3xx_hal_tim_ex.o
 .debug_aranges
                0x00000688      0x1a0 Drivers\STM32F3xx_HAL_Driver\Src\stm32f3xx_hal_uart.o
 .debug_aranges
                0x00000828       0x48 Drivers\STM32F3xx_HAL_Driver\Src\stm32f3xx_hal_uart_ex.o
 .debug_aranges
                0x00000870       0x68 Src\main.o
 .debug_aranges
                0x000008d8       0x48 Src\stm32f3xx_hal_msp.o
 .debug_aranges
                0x00000920       0x50 Src\stm32f3xx_it.o
 .debug_aranges
                0x00000970       0x28 Src\system_stm32f3xx.o
 .debug_aranges
                0x00000998       0x28 startup\startup_stm32f303xe.o

.debug_ranges   0x00000000      0xe08
 .debug_ranges  0x00000000       0xb0 Drivers\STM32F3xx_HAL_Driver\Src\stm32f3xx_hal.o
 .debug_ranges  0x000000b0      0x138 Drivers\STM32F3xx_HAL_Driver\Src\stm32f3xx_hal_cortex.o
 .debug_ranges  0x000001e8       0xa8 Drivers\STM32F3xx_HAL_Driver\Src\stm32f3xx_hal_dma.o
 .debug_ranges  0x00000290       0x68 Drivers\STM32F3xx_HAL_Driver\Src\stm32f3xx_hal_gpio.o
 .debug_ranges  0x000002f8      0x1f0 Drivers\STM32F3xx_HAL_Driver\Src\stm32f3xx_hal_rcc.o
 .debug_ranges  0x000004e8       0x90 Drivers\STM32F3xx_HAL_Driver\Src\stm32f3xx_hal_rcc_ex.o
 .debug_ranges  0x00000578      0x348 Drivers\STM32F3xx_HAL_Driver\Src\stm32f3xx_hal_tim.o
 .debug_ranges  0x000008c0      0x110 Drivers\STM32F3xx_HAL_Driver\Src\stm32f3xx_hal_tim_ex.o
 .debug_ranges  0x000009d0      0x190 Drivers\STM32F3xx_HAL_Driver\Src\stm32f3xx_hal_uart.o
 .debug_ranges  0x00000b60       0x38 Drivers\STM32F3xx_HAL_Driver\Src\stm32f3xx_hal_uart_ex.o
 .debug_ranges  0x00000b98      0x138 Src\main.o
 .debug_ranges  0x00000cd0       0xc0 Src\stm32f3xx_hal_msp.o
 .debug_ranges  0x00000d90       0x40 Src\stm32f3xx_it.o
 .debug_ranges  0x00000dd0       0x18 Src\system_stm32f3xx.o
 .debug_ranges  0x00000de8       0x20 startup\startup_stm32f303xe.o

.debug_line     0x00000000     0x5b57
 .debug_line    0x00000000      0x3d2 Drivers\STM32F3xx_HAL_Driver\Src\stm32f3xx_hal.o
 .debug_line    0x000003d2      0x474 Drivers\STM32F3xx_HAL_Driver\Src\stm32f3xx_hal_cortex.o
 .debug_line    0x00000846      0x51e Drivers\STM32F3xx_HAL_Driver\Src\stm32f3xx_hal_dma.o
 .debug_line    0x00000d64      0x41c Drivers\STM32F3xx_HAL_Driver\Src\stm32f3xx_hal_gpio.o
 .debug_line    0x00001180      0x81e Drivers\STM32F3xx_HAL_Driver\Src\stm32f3xx_hal_rcc.o
 .debug_line    0x0000199e      0x542 Drivers\STM32F3xx_HAL_Driver\Src\stm32f3xx_hal_rcc_ex.o
 .debug_line    0x00001ee0     0x1273 Drivers\STM32F3xx_HAL_Driver\Src\stm32f3xx_hal_tim.o
 .debug_line    0x00003153      0x89f Drivers\STM32F3xx_HAL_Driver\Src\stm32f3xx_hal_tim_ex.o
 .debug_line    0x000039f2      0xd08 Drivers\STM32F3xx_HAL_Driver\Src\stm32f3xx_hal_uart.o
 .debug_line    0x000046fa      0x39b Drivers\STM32F3xx_HAL_Driver\Src\stm32f3xx_hal_uart_ex.o
 .debug_line    0x00004a95      0x715 Src\main.o
 .debug_line    0x000051aa      0x40d Src\stm32f3xx_hal_msp.o
 .debug_line    0x000055b7      0x303 Src\stm32f3xx_it.o
 .debug_line    0x000058ba      0x21e Src\system_stm32f3xx.o
 .debug_line    0x00005ad8       0x7f startup\startup_stm32f303xe.o

.debug_str      0x00000000     0x401b
 .debug_str     0x00000000      0xd51 Drivers\STM32F3xx_HAL_Driver\Src\stm32f3xx_hal.o
                                0xdec (size before relaxing)
 .debug_str     0x00000d51      0x3f0 Drivers\STM32F3xx_HAL_Driver\Src\stm32f3xx_hal_cortex.o
                               0x103f (size before relaxing)
 .debug_str     0x00001141      0x3f9 Drivers\STM32F3xx_HAL_Driver\Src\stm32f3xx_hal_dma.o
                                0xac6 (size before relaxing)
 .debug_str     0x0000153a      0x248 Drivers\STM32F3xx_HAL_Driver\Src\stm32f3xx_hal_gpio.o
                                0x957 (size before relaxing)
 .debug_str     0x00001782      0x30d Drivers\STM32F3xx_HAL_Driver\Src\stm32f3xx_hal_rcc.o
                                0xab6 (size before relaxing)
 .debug_str     0x00001a8f      0x2b9 Drivers\STM32F3xx_HAL_Driver\Src\stm32f3xx_hal_rcc_ex.o
                                0xa4a (size before relaxing)
 .debug_str     0x00001d48      0xf75 Drivers\STM32F3xx_HAL_Driver\Src\stm32f3xx_hal_tim.o
                               0x185b (size before relaxing)
 .debug_str     0x00002cbd      0x5a3 Drivers\STM32F3xx_HAL_Driver\Src\stm32f3xx_hal_tim_ex.o
                               0x1296 (size before relaxing)
 .debug_str     0x00003260      0x926 Drivers\STM32F3xx_HAL_Driver\Src\stm32f3xx_hal_uart.o
                               0x12d3 (size before relaxing)
 .debug_str     0x00003b86       0xed Drivers\STM32F3xx_HAL_Driver\Src\stm32f3xx_hal_uart_ex.o
                                0xcd7 (size before relaxing)
 .debug_str     0x00003c73      0x251 Src\main.o
                               0x1b5b (size before relaxing)
 .debug_str     0x00003ec4       0x24 Src\stm32f3xx_hal_msp.o
                               0x12fa (size before relaxing)
 .debug_str     0x00003ee8       0xe3 Src\stm32f3xx_it.o
                                0xdd5 (size before relaxing)
 .debug_str     0x00003fcb       0x50 Src\system_stm32f3xx.o
                                0x73b (size before relaxing)

.comment        0x00000000       0x7c
 .comment       0x00000000       0x7c Drivers\STM32F3xx_HAL_Driver\Src\stm32f3xx_hal.o
                                 0x7d (size before relaxing)
 .comment       0x0000007c       0x7d Drivers\STM32F3xx_HAL_Driver\Src\stm32f3xx_hal_cortex.o
 .comment       0x0000007c       0x7d Drivers\STM32F3xx_HAL_Driver\Src\stm32f3xx_hal_dma.o
 .comment       0x0000007c       0x7d Drivers\STM32F3xx_HAL_Driver\Src\stm32f3xx_hal_gpio.o
 .comment       0x0000007c       0x7d Drivers\STM32F3xx_HAL_Driver\Src\stm32f3xx_hal_rcc.o
 .comment       0x0000007c       0x7d Drivers\STM32F3xx_HAL_Driver\Src\stm32f3xx_hal_rcc_ex.o
 .comment       0x0000007c       0x7d Drivers\STM32F3xx_HAL_Driver\Src\stm32f3xx_hal_tim.o
 .comment       0x0000007c       0x7d Drivers\STM32F3xx_HAL_Driver\Src\stm32f3xx_hal_tim_ex.o
 .comment       0x0000007c       0x7d Drivers\STM32F3xx_HAL_Driver\Src\stm32f3xx_hal_uart.o
 .comment       0x0000007c       0x7d Drivers\STM32F3xx_HAL_Driver\Src\stm32f3xx_hal_uart_ex.o
 .comment       0x0000007c       0x7d Src\main.o
 .comment       0x0000007c       0x7d Src\stm32f3xx_hal_msp.o
 .comment       0x0000007c       0x7d Src\stm32f3xx_it.o
 .comment       0x0000007c       0x7d Src\system_stm32f3xx.o

.debug_frame    0x00000000     0x225c
 .debug_frame   0x00000000      0x194 Drivers\STM32F3xx_HAL_Driver\Src\stm32f3xx_hal.o
 .debug_frame   0x00000194      0x158 Drivers\STM32F3xx_HAL_Driver\Src\stm32f3xx_hal_cortex.o
 .debug_frame   0x000002ec      0x15c Drivers\STM32F3xx_HAL_Driver\Src\stm32f3xx_hal_dma.o
 .debug_frame   0x00000448       0xd8 Drivers\STM32F3xx_HAL_Driver\Src\stm32f3xx_hal_gpio.o
 .debug_frame   0x00000520      0x138 Drivers\STM32F3xx_HAL_Driver\Src\stm32f3xx_hal_rcc.o
 .debug_frame   0x00000658       0xb8 Drivers\STM32F3xx_HAL_Driver\Src\stm32f3xx_hal_rcc_ex.o
 .debug_frame   0x00000710      0x8b0 Drivers\STM32F3xx_HAL_Driver\Src\stm32f3xx_hal_tim.o
 .debug_frame   0x00000fc0      0x3e4 Drivers\STM32F3xx_HAL_Driver\Src\stm32f3xx_hal_tim_ex.o
 .debug_frame   0x000013a4      0x568 Drivers\STM32F3xx_HAL_Driver\Src\stm32f3xx_hal_uart.o
 .debug_frame   0x0000190c       0xa0 Drivers\STM32F3xx_HAL_Driver\Src\stm32f3xx_hal_uart_ex.o
 .debug_frame   0x000019ac      0x15c Src\main.o
 .debug_frame   0x00001b08       0xcc Src\stm32f3xx_hal_msp.o
 .debug_frame   0x00001bd4       0xd8 Src\stm32f3xx_it.o
 .debug_frame   0x00001cac       0x38 Src\system_stm32f3xx.o
 .debug_frame   0x00001ce4       0x2c d:/truestudio for stm32 9.3.0/armtools/bin/../lib/gcc/arm-atollic-eabi/6.3.1/../../../../arm-atollic-eabi/lib/armv7e-m/fpu\libc_nano.a(lib_a-init.o)
 .debug_frame   0x00001d10       0x28 d:/truestudio for stm32 9.3.0/armtools/bin/../lib/gcc/arm-atollic-eabi/6.3.1/../../../../arm-atollic-eabi/lib/armv7e-m/fpu\libc_nano.a(lib_a-memcpy-stub.o)
 .debug_frame   0x00001d38       0x70 d:/truestudio for stm32 9.3.0/armtools/bin/../lib/gcc/arm-atollic-eabi/6.3.1/../../../../arm-atollic-eabi/lib/armv7e-m/fpu\libc_nano.a(lib_a-sprintf.o)
 .debug_frame   0x00001da8       0x20 d:/truestudio for stm32 9.3.0/armtools/bin/../lib/gcc/arm-atollic-eabi/6.3.1/../../../../arm-atollic-eabi/lib/armv7e-m/fpu\libc_nano.a(lib_a-strcpy.o)
 .debug_frame   0x00001dc8       0x90 d:/truestudio for stm32 9.3.0/armtools/bin/../lib/gcc/arm-atollic-eabi/6.3.1/../../../../arm-atollic-eabi/lib/armv7e-m/fpu\libc_nano.a(lib_a-nano-svfprintf.o)
 .debug_frame   0x00001e58       0x60 d:/truestudio for stm32 9.3.0/armtools/bin/../lib/gcc/arm-atollic-eabi/6.3.1/../../../../arm-atollic-eabi/lib/armv7e-m/fpu\libc_nano.a(lib_a-nano-vfprintf_i.o)
 .debug_frame   0x00001eb8       0x28 d:/truestudio for stm32 9.3.0/armtools/bin/../lib/gcc/arm-atollic-eabi/6.3.1/../../../../arm-atollic-eabi/lib/armv7e-m/fpu\libc_nano.a(lib_a-memmove.o)
 .debug_frame   0x00001ee0       0x38 d:/truestudio for stm32 9.3.0/armtools/bin/../lib/gcc/arm-atollic-eabi/6.3.1/../../../../arm-atollic-eabi/lib/armv7e-m/fpu\libc_nano.a(lib_a-nano-freer.o)
 .debug_frame   0x00001f18       0x2c d:/truestudio for stm32 9.3.0/armtools/bin/../lib/gcc/arm-atollic-eabi/6.3.1/../../../../arm-atollic-eabi/lib/armv7e-m/fpu\libc_nano.a(lib_a-nano-mallocr.o)
 .debug_frame   0x00001f44       0x3c d:/truestudio for stm32 9.3.0/armtools/bin/../lib/gcc/arm-atollic-eabi/6.3.1/../../../../arm-atollic-eabi/lib/armv7e-m/fpu\libc_nano.a(lib_a-nano-reallocr.o)
 .debug_frame   0x00001f80       0x2c d:/truestudio for stm32 9.3.0/armtools/bin/../lib/gcc/arm-atollic-eabi/6.3.1/../../../../arm-atollic-eabi/lib/armv7e-m/fpu\libc_nano.a(lib_a-sbrkr.o)
 .debug_frame   0x00001fac       0x30 d:/truestudio for stm32 9.3.0/armtools/bin/../lib/gcc/arm-atollic-eabi/6.3.1/../../../../arm-atollic-eabi/lib/armv7e-m/fpu\libc_nano.a(lib_a-mlock.o)
 .debug_frame   0x00001fdc       0x20 d:/truestudio for stm32 9.3.0/armtools/bin/../lib/gcc/arm-atollic-eabi/6.3.1/../../../../arm-atollic-eabi/lib/armv7e-m/fpu\libc_nano.a(lib_a-nano-msizer.o)
 .debug_frame   0x00001ffc       0x5c d:/truestudio for stm32 9.3.0/armtools/bin/../lib/gcc/arm-atollic-eabi/6.3.1/../../../../arm-atollic-eabi/lib/armv7e-m/fpu\libc_nano.a(lib_a-reent.o)
 .debug_frame   0x00002058       0xac d:/truestudio for stm32 9.3.0/armtools/bin/../lib/gcc/arm-atollic-eabi/6.3.1/armv7e-m/fpu\libgcc.a(_arm_addsubdf3.o)
 .debug_frame   0x00002104       0x50 d:/truestudio for stm32 9.3.0/armtools/bin/../lib/gcc/arm-atollic-eabi/6.3.1/armv7e-m/fpu\libgcc.a(_arm_muldivdf3.o)
 .debug_frame   0x00002154       0xc4 d:/truestudio for stm32 9.3.0/armtools/bin/../lib/gcc/arm-atollic-eabi/6.3.1/armv7e-m/fpu\libgcc.a(_arm_cmpdf2.o)
 .debug_frame   0x00002218       0x24 d:/truestudio for stm32 9.3.0/armtools/bin/../lib/gcc/arm-atollic-eabi/6.3.1/armv7e-m/fpu\libgcc.a(_arm_fixdfsi.o)
 .debug_frame   0x0000223c       0x20 d:/truestudio for stm32 9.3.0/armtools/bin/../lib/gcc/arm-atollic-eabi/6.3.1/../../../../arm-atollic-eabi/lib/armv7e-m/fpu\libnosys.a(sbrk.o)
